// Jest Snapshot v1, https://goo.gl/fbAQLP

exports[`App components recipe snapshot 1`] = `
<div>
  <h1>
    Recipes
  </h1>
  <h2>
    Explore recipes accross every type of occasion, ingredient and skill level
  </h2>
</div>
`;

exports[`App components snapshot renders 1`] = `
<div
  className="App"
>
  <nav>
    <ul>
      <li>
        <a
          href="/logo"
          onClick={[Function]}
        >
          <h1>
            Food Recipes
          </h1>
        </a>
      </li>
      <li>
        <a
          href="/"
          onClick={[Function]}
        >
          Home
        </a>
      </li>
      <li>
        <a
          href="/Recipes"
          onClick={[Function]}
        >
          Recipes
        </a>
      </li>
      <div>
        <div
          className="cardStyle"
        />
        <div
          id="update"
        >
          <h1>
            In this month edition
          </h1>
          <p>
            Dumque ibi diu moratur commeatus opperiens, quorum translationem ex Aquitania verni imbres solito crebriores prohibebant auctique torrentes, Herculanus advenit protector domesticus, Hermogenis ex magistro equitum filius, apud Constantinopolim, ut supra rettulimus, populari quondam turbela discerpti. quo verissime referente quae Gallus egerat, damnis super praeteritis maerens et futurorum timore suspensus angorem animi quam diu potuit emendabat.
          </p>
        </div>
      </div>
    </ul>
  </nav>
  <footer
    id="footer"
  >
    <p
      id="footernotes"
    >
       Umami magazine & Umami publications is a fictional magazine and 
      <br />
       publisher for illustrative purposes only.      
    </p>
    <p
      id="footerCopyrights"
    >
      © 2018 Terms & Conditions
    </p>
  </footer>
</div>
`;
